
- NASM Map file ---------------------------------------------------------------

Source file:  kernel.asm
Output file:  kernel.bin

-- Symbols --------------------------------------------------------------------

---- No Section ---------------------------------------------------------------

Value     Name
00000008  LINEAR_SEL
00000010  STACK_SEL
00000018  SYS_CODE_SEL
00000020  SYS_DATA_SEL
00000028  NEW_CODE_SEL
00000030  NEW_DATA_SEL
00000038  V8086_CODE_SEL
00000040  V8086_DATA_SEL
00000048  DOS_CODE_SEL
00000050  DOS_DATA_SEL
00000083  PgPort
00000002  AddPort
00000003  LenPort
00000049  ModeReg
00000001  Channel
00000220  BasePort
00000030  rtl8139.RBSTART
0000003C  rtl8139.IMR
0000003E  rtl8139.ISR
00000037  rtl8139.CMD
00000044  rtl8139.RCR
00000052  rtl8139.CONFIG1
00000010  rtl8139.TSD0
00000020  rtl8139.TSAD0
00400000  dosprogloc


---- Section .text ------------------------------------------------------------

Real              Virtual           Name
               0                 0  signature
              1A                1A  signatureend
              1A                1A  menustart
              40                40  guiswitch
              50                50  guiswitchnocando
              51                51  guiswitchdefnum
              60                60  guiswitchdefnum.loop
              8B                8B  guiload
              A1                A1  guiloadagain
              B0                B0  findvideomodes
              C8                C8  nextvmode
             101               101  isthisvideook
             121               121  setvesamode
             156               156  selectedvesa
             176               176  guiload2
             19A               19A  DriveNumber
             19B               19B  lbaad
             19F               19F  vesamode
             1A1               1A1  videomodecache
             1A3               1A3  printrm
             1A8               1A8  prs2
             1B3               1B3  finpr2
             1B4               1B4  dcnm
             1B9               1B9  dcnmend
             1BB               1BB  decshow
             1BE               1BE  decclear
             1D0               1D0  dectst
             1DD               1DD  dectstend
             1E2               1E2  convertrm
             1E5               1E5  cnvrtrm
             1EB               1EB  ten3rm
             1FA               1FA  ten2rm
             209               209  ten1rm
             218               218  ten0rm
             227               227  tendnrm
             228               228  char
             230               230  getmemorysize
             236               236  getmemsizeloop
             25D               25D  nomoregetmemsize
             266               266  memlistbuf
             4A6               4A6  memlistend
             4A8               4A8  bootmsg
             4C0               4C0  pmode
             592               592  do_pm
             5A4               5A4  copykernel
             5BF               5BF  done_copy
             602               602  clearkernelbuffers
             613               613  getmemoryspace
             625               625  memoryspaceaddition
             64B               64B  finishedmemspacecalc
             662               662  guistartup
             667               667  basecache
             66B               66B  newcodecache
             66F               66F  testingcpuspeed
             670               670  cpuspeedperint
             674               674  memoryspace
             678               678  pitdiv
             67A               67A  timeseconds
             67E               67E  timenanoseconds
             682               682  timeinterval
             686               686  soundon
             687               687  soundrepititions
             689               689  soundpos
             68D               68D  soundendpos
             691               691  WAVSamplingRate
             693               693  WAVFileSize
             697               697  EnableDigitized
             698               698  cpuspeedend
             6B1               6B1  pitinterrupt
             6DA               6DA  timerinterrupt
             6E7               6E7  keyinterrupt
             701               701  userint
             72D               72D  rtl8139.irq
             755               755  rtl8139.irq.msg
             772               772  sblaster.irq
             786               786  timekeeper
             7A4               7A4  nonanosecondrollover
             7AB               7AB  handled2
             7AC               7AC  handled3
             7AD               7AD  handled
             7B4               7B4  gdtr
             7BA               7BA  idtr
             7C0               7C0  gdt
             7D0               7D0  gdts
             7D8               7D8  gdt2
             7E0               7E0  gdt3
             7E8               7E8  gdt4
             7F0               7F0  gdt5
             7F8               7F8  gdtv8086
             800               800  gdtv80862
             808               808  gdtdos
             810               810  gdtdos2
             818               818  gdt_end
             818               818  idt
            1018              1018  idt_end
            1018              1018  realmode
            102F              102F  rmcopytofirstmbyte
            1049              1049  protected16bit
            1071              1071  inrealmode
            10D2              10D2  returntopmode
            10EF              10EF  rmcopyfromfirstmbyte
            1119              1119  pmodeesp
            111D              111D  idt_real
            1123              1123  cr0old
            1127              1127  realmodeebx
            112B              112B  realmodeeax
            112F              112F  realmodereturn
            1133              1133  realmodeptr
            1139              1139  unhand
            1549              1549  unhand2
            1591              1591  noguiunhandstuff
            15CF              15CF  gooderrortype
            160B              160B  errortext
            1610              1610  errortextdone
            161D              161D  dumpstack
            163D              163D  donedump
            167A              167A  dumpcodeloop
            16B3              16B3  guibacktomsg
            16CD              16CD  backtomsgdone
            1708              1708  nodebuggui
            1719              1719  nodebugint
            1751              1751  returnunhandgui
            1756              1756  backtoosmsg
            17C5              17C5  expdump
            1826              1826  expdumptext
            182C              182C  esploc
            1830              1830  espfirst
            1834              1834  esiloc
            1838              1838  esiregbuf
            183C              183C  locunhandy
            183E              183E  locunhandx
            1840              1840  backgroundcache
            1842              1842  intprob
            1843              1843  codeloc
            1847              1847  codelocend
            184B              184B  unhandmsg
            185A              185A  unhndrg
            1A3A              1A3A  unhandregs
            1B1B              1B1B  unhndrgend
            1B66              1B66  unhandcode
            1BDE              1BDE  unhandmsgend
            1BDE              1BDE  errortypes
            1C1E              1C1E  errortypesend
            1C22              1C22  err0
            1C86              1C86  err1
            1CE7              1CE7  err2
            1D3C              1D3C  err3
            1DA0              1DA0  err4
            1DF2              1DF2  err5
            1E5C              1E5C  err6
            1EC4              1EC4  err7
            1F0E              1F0E  err8
            1F6B              1F6B  err9
            1FC4              1FC4  err10
            200F              200F  err11
            205F              205F  err12
            20B8              20B8  err13
            211B              211B  err14
            2157              2157  err15
            21E2              21E2  unknownerror
            2241              2241  newints
            22C9              22C9  intx0
            22C9              22C9  exitprog
            22EB              22EB  warnexitstatus
            2316              2316  exitstatus1msg
            232B              232B  exitstatus2msg
            233B              233B  intx1
            2345              2345  printhighlight
            2351              2351  printquiet
            2363              2363  print
            236A              236A  printint
            238A              238A  printintb
            239C              239C  doneprintint
            239D              239D  endkeyprint
            239E              239E  startesiprint
            23A2              23A2  intx2
            23AC              23AC  readint
            23B7              23B7  readintb
            23D3              23D3  readdone
            23D8              23D8  endkeyread
            23D9              23D9  endbufferread
            23DD              23DD  intx3
            23E7              23E7  clear
            240D              240D  clearb
            242C              242C  cleardouble
            243A              243A  clearc
            245D              245D  intx4
            2467              2467  readline
            246B              246B  rdprint
            2488              2488  rdprintb
            24B5              24B5  notspecialrdprnt
            24ED              24ED  bscheckequal
            2502              2502  nomasktxt
            2533              2533  backprintbuftxt2
            2541              2541  nobackprintbuftxt2
            254A              254A  nonobackprint
            2570              2570  donerdprinc
            2571              2571  donerdprint
            2577              2577  copylaterstuff
            2583              2583  nocopylaterstuff
            2596              2596  clearbuftxt2
            259D              259D  clearbuftxt2lp
            25A9              25A9  rdprintb2
            25B3              25B3  rdprhome
            25D2              25D2  rdprend
            25EF              25EF  rdprleft
            2611              2611  shiftbuftxt2
            261E              261E  noshiftbuftxt2
            262E              262E  rdprright
            264E              264E  shiftbuftxt2lft
            265A              265A  noshiftbuftxt2lft
            2664              2664  rdprdownbck
            2676              2676  rdprdown
            2693              2693  rdprup
            26AB              26AB  rdprbckspc
            26B3              26B3  rdprupbckspclp
            26D9              26D9  nordprupbck2
            26DE              26DE  nordprupbck
            26EC              26EC  getcurrentcommandstr
            26F8              26F8  getccmdlp
            2734              2734  getcmdresetcommandbuf
            273C              273C  fixcmdbufb4morerdpr
            2749              2749  morerdprup
            278B              278B  rdprdel
            27A6              27A6  rdprbscheck
            27B3              27B3  goodbscheck
            27C4              27C4  axcache
            27C6              27C6  endkeyrdpr
            27C7              27C7  modkeyrdpr
            27C8              27C8  firstesirdpr
            27CC              27CC  commandedit
            27CD              27CD  txtmask
            27CE              27CE  buftxtloc
            27D2              27D2  endbufferrdpr
            27D6              27D6  backcursor
            27D9              27D9  intx5
            27E3              27E3  getchar
            27E5              27E5  rdcharint
            27F7              27F7  transcheck
            281A              281A  nospecialtrans
            2826              2826  rdenter
            2828              2828  rdend
            2829              2829  lastkey
            282B              282B  trans
            282C              282C  intx6
            2836              2836  prcharint
            2845              2845  termguion
            2846              2846  termcopyon
            2847              2847  prcharq
            28B3              28B3  donecrnl
            28BB              28BB  doneeol
            28C3              28C3  donescr
            28EB              28EB  prtab
            291B              291B  prcr
            292F              292F  prbs
            2934              2934  prnobmr
            2944              2944  prbackline
            294F              294F  prnlcr
            2974              2974  preol
            2992              2992  prscr
            29A2              29A2  intscrollloop
            29E0              29E0  intloopclear
            2A03              2A03  linebeginpos
            2A05              2A05  videobufpos
            2A07              2A07  charpos
            2A09              2A09  charxy
            2A0B              2A0B  charbuf
            2A0D              2A0D  intx7
            2A17              2A17  intx9
            2A25              2A25  num2strb
            2A2F              2A2F  intx10
            2A35              2A35  intx11
            2A3B              2A3B  intx12
            2A4C              2A4C  intx13
            2A58              2A58  intx14
            2A5D              2A5D  cpccmd
            2A6A              2A6A  intx15
            2A79              2A79  getcommandzeroes
            2A8B              2A8B  nomorezeroes
            2A9A              2A9A  termcursorpos
            2A9E              2A9E  removedvideo
            2AA0              2AA0  termcopy
            2AE9              2AE9  nowincopy
            2B06              2B06  nowincopy2
            2B40              2B40  nowinfont
            2B4B              2B4B  notnotfont
            2B5F              2B5F  nopresentwinfont
            2B80              2B80  nocopytermatall
            2B87              2B87  switchtermcursor
            2B9D              2B9D  movlargecursorterm
            2B9F              2B9F  movedcursorterm
            2BAB              2BAB  fixednocursorterm
            2BAC              2BAC  int20h
            2BB0              2BB0  int21h
            2BB0              2BB0  dostosolleros
            2C05              2C05  backtodos
            2C18              2C18  dosgchar
            2C1F              2C1F  doswchar
            2C2A              2C2A  dosprintstr
            2C40              2C40  dosgetstr
            2C81              2C81  stringstart
            2C85              2C85  dosgetdate
            2CA8              2CA8  dosgettime
            2CC6              2CC6  dosexit
            2CD4              2CD4  os
            2CD4              2CD4  setdefenv
            2CD9              2CD9  bootfilecheck
            2D0D              2D0D  nobootfile
            2D12              2D12  nobootfile.sigcopyloop
            2D49              2D49  usercheck
            2D6D              2D6D  passcheck
            2D8E              2D8E  backcursor2
            2D92              2D92  backpass
            2DB0              2DB0  gotpass
            2DBB              2DBB  userfind
            2DDA              2DDA  nxtuser
            2DEF              2DEF  pwdtest
            2DFC              2DFC  pwdrgt
            2E1D              2E1D  clearolddata
            2E42              2E42  bufclr
            2E4A              2E4A  esipass
            2E4E              2E4E  usercache
            2E52              2E52  buftxtclear
            2E59              2E59  clearbuftxt
            2E66              2E66  clearitbuf
            2E6F              2E6F  retbufclr
            2E70              2E70  full
            2E75              2E75  shush
            2E75              2E75  nwcmd
            2E91              2E91  nomultiplecommand
            2EA3              2EA3  noclinwcmd
            2EAE              2EAE  cancel
            2F25              2F25  gotcmd
            2F49              2F49  copycommand
            2F62              2F62  donecopy
            2F73              2F73  input
            2F82              2F82  stdin
            2F8C              2F8C  replacevariable
            2FBD              2FBD  findvarname
            2FC6              2FC6  replacevarloop
            2FE3              2FE3  compressbuftxt
            2FF2              2FF2  expandbuftxt
            2FF6              2FF6  expandbuftxtlp
            3016              3016  multipleprogline
            3026              3026  inlinecomment
            3039              3039  nextcommandloc
            303D              303D  thiscommandloc
            3041              3041  run
            3046              3046  fixvariables
            3064              3064  donefixvariables
            3072              3072  progtest
            3079              3079  prgnxt
            3090              3090  fndprg
            30AB              30AB  noprgtstmultiple
            30B6              30B6  prggood
            30D3              30D3  noprggoodmul
            30EF              30EF  prgnf
            311A              311A  prgdn
            311F              311F  currentcommandloc
            3123              3123  tester
            3126              3126  retest
            3136              3136  testtrue
            313E              313E  testfalse
            3141              3141  optest
            3143              3143  opretest
            3154              3154  optesttrue
            315B              315B  optestfalse
            315E              315E  cndtest
            3160              3160  cndretest
            3170              3170  cndtesttrue
            3177              3177  cndtestfalse
            317A              317A  cndtestalmost
            317D              317D  array
            317D              317D  arnxt
            3192              3192  arfnd
            31D3              31D3  ardn
            31D4              31D4  arbx
            31D8              31D8  arcx
            31DA              31DA  arsi
            31DE              31DE  clearbuffer
            31E5              31E5  clearbuf
            31F2              31F2  doneclearbuff
            31F3              31F3  convert
            31F6              31F6  convert.lp
            3210              3210  convert.8
            3223              3223  convert.7
            3236              3236  convert.6
            3249              3249  convert.5
            325C              325C  convert.4
            326F              326F  convert.3
            3285              3285  convert.2
            329B              329B  convert.1
            32B1              32B1  convert.0
            32C7              32C7  convert.dn
            32C8              32C8  hexnumber
            32D0              32D0  hexnumberend
            32D3              32D3  converthex
            32D3              32D3  converthex.clear
            32D6              32D6  converthex.clearlp
            32DF              32DF  converthex.doneclear
            32E7              32E7  converthex.loop
            3305              3305  converthex.goodbl
            3316              3316  converthex.goodbh
            332E              332E  converthex.done
            3330              3330  smallhex
            3331              3331  firsthexshown
            3332              3332  showhexsmall
            3346              3346  showhex
            3362              3362  showhex.show
            3375              3375  showhex.nonewhexline
            339C              339C  showhex.nonewline
            33A5              33A5  showhex.notab
            33B9              33B9  showhex.nosmall
            33CC              33CC  showhex.noquiet
            33DF              33DF  showhex.normal
            33E4              33E4  showhex.donequiet
            33F7              33F7  showhex.shown
            3400              3400  decnumber
            340E              340E  decnumberend
            3410              3410  showdec
            341B              341B  showdec.clear
            3439              3439  showdec.show
            344C              344C  showdec.nonewdecline
            3473              3473  showdec.nonewline
            347C              347C  showdec.notab
            3482              3482  showdec.sifind
            34A0              34A0  showdec.shown
            34A9              34A9  cnvrthextxt
            34B2              34B2  cnvrthextxt.end
            34B9              34B9  cnvrthextxt.loop
            34C6              34C6  cnvrthextxt.donechar
            34D0              34D0  cnvrthextxt.shl
            34DC              34DC  cnvrthextxt.noshl
            34E7              34E7  cnvrthextxt.done
            34E8              34E8  cnvrthextxt.char
            34F2              34F2  cnvrttxt
            34FB              34FB  cnvrttxt.lp
            350C              350C  cnvrttxt.dot
            3514              3514  cnvrttxt.zero
            3518              3518  cnvrttxt.txtlp
            3534              3534  cnvrttxt.noexp
            353C              353C  cnvrttxt.exp
            3547              3547  cnvrttxt.expmul
            3570              3570  cnvrttxt.done
            3573              3573  filetypes
            3575              3575  progstart
            3575              3575  indexfiles
            358A              358A  indexloop
            358D              358D  indexloop2
            35B6              35B6  indexloop2done
            35C5              35C5  nameindex
            35D2              35D2  nameindexdone
            3602              3602  indexloopdone
            360A              360A  indexdone
            3614              3614  num
            3633              3633  num2
            3654              3654  operatorfound
            3666              3666  varnum2
            3672              3672  vrnm2
            368D              368D  varnum4
            3699              3699  vrnm4
            36C8              36C8  resultnum1
            36DC              36DC  resultnum2
            36FC              36FC  checkdecimal2
            3710              3710  checkdecimal
            3712              3712  chkdec1
            3727              3727  fnddec
            373D              373D  nodecimal
            373E              373E  plusnum
            374A              374A  subnum
            3756              3756  mulnum
            376C              376C  divnum
            3791              3791  expnum
            37B6              37B6  expnumlp
            37C8              37C8  noexpnumlp
            37CF              37CF  noexpnum
            37D4              37D4  retnum
            37FE              37FE  putdecimal
            3810              3810  decputloop
            3823              3823  noputdecimal
            3832              3832  edxnumbuf
            3836              3836  chkadd
            3847              3847  dnaddm1
            3848              3848  dnadd
            3858              3858  decaddfix
            386B              386B  highdecadd
            3885              3885  lowdecadd
            3899              3899  gooddecadd
            389A              389A  decimal
            389B              389B  decimal2
            389C              389C  decimalresult
            389D              389D  result
            38A5              38A5  ans
            38B4              38B4  var
            38BF              38BF  lkeq
            38CC              38CC  echovars
            38E0              38E0  eqfnd
            38F7              38F7  readvar
            3910              3910  seek
            3929              3929  skfnd
            395B              395B  varfnd
            3965              3965  save2
            396F              396F  remove
            397C              397C  save
            398B              398B  svhere
            399F              399F  ans2
            39B2              39B2  anscp
            39C6              39C6  ansnf
            39CD              39CD  ansfnd
            39E0              39E0  fndans
            39E1              39E1  svdone
            39E6              39E6  elfstart
            39EF              39EF  rundiskprog
            3A38              3A38  findspaceprog
            3A3F              3A3F  findnonspaceprog
            3A4A              3A4A  runelf
            3A60              3A60  noprogfound
            3A86              3A86  progbatchfound
            3A92              3A92  batchrunloop
            3AA2              3AA2  batchrunloop2
            3AC7              3AC7  nxtbatchrunline
            3AFE              3AFE  doneiftest
            3B10              3B10  noruniftest
            3B26              3B26  nobatchfoundrun
            3B2E              3B2E  batchedi
            3B32              3B32  iftestbatch
            3B5A              3B5A  elsetestbatch
            3B68              3B68  fifindbatch
            3B9D              3B9D  fifoundbatch
            3BB8              3BB8  goodfibatch
            3BE7              3BE7  iffoundbatch
            3C04              3C04  runnextline
            3C05              3C05  iffalsebuf
            3C06              3C06  notbatch
            3C1B              3C1B  batchst
            3C4E              3C4E  badbatchname
            3C69              3C69  namenotfoundbatch
            3C95              3C95  esicache3
            3C99              3C99  esicache2
            3C9D              3C9D  nonamefound
            3CA8              3CA8  goodbatchname
            3CAD              3CAD  batchcreate
            3CED              3CED  endbatchcreate
            3D02              3D02  exitword
            3D05              3D05  wordmsg
            3D39              3D39  waitforsoundendbeep
            3D43              3D43  beepstart
            3D47              3D47  beepend
            3D6B              3D6B  charmapnumprnt
            3D83              3D83  charmapnumprnt2
            3DB2              3DB2  charmapcopy
            3DDC              3DDC  charmapcopycheck
            3E02              3E02  nomorecharmap
            3E07              3E07  charmapnocopy
            3E84              3E84  cpuidbuf
            3E91              3E91  cpuidvendorend
            3E97              3E97  rundosprog
            3ECC              3ECC  finddosparams
            3ED3              3ED3  copydosparams
            3EE6              3EE6  nomoredosparams
            3F18              3F18  dosnoprogfound
            3F66              3F66  dumphexin
            3F76              3F76  dumphexnow
            3F80              3F80  dumphexloop
            3FA5              3FA5  echoprog
            3FC3              3FC3  echovr
            3FD7              3FD7  echvar
            4006              4006  nxtvrechb1
            400E              400E  nxtvrech
            401E              401E  nxtvrec2
            4027              4027  prntvr
            402B              402B  prntvr2
            4042              4042  elsecmd
            4076              4076  fi
            4085              4085  guiswitcher
            40A2              40A2  guiswitcher.nomodepref
            40A9              40A9  guiswitcher.modepref
            40C4              40C4  guiswitchret
            40CF              40CF  guiswitchret.cont
            40D4              40D4  guiswitchret.loop
            40FF              40FF  guiswitchret.clear
            4163              4163  lscmd
            4174              4174  dir
            4179              4179  dirnxt
            418C              418C  dirfnd3
            4196              4196  dirfnd
            41AA              41AA  dirfnd2
            41C3              41C3  dirdn
            41CE              41CE  currentdir
            41D4              41D4  ifcmd
            41F0              41F0  chkeqsn
            4205              4205  chkeqdn
            421C              421C  trueif
            4238              4238  falseif
            425B              425B  keycode
            4286              4286  nospecialkeycode
            42BC              42BC  filoop
            42E6              42E6  diskindexdir
            432B              432B  nextdiskindexdir
            4345              4345  diskmsg
            434B              434B  disktab
            4369              4369  printmemmap
            43BC              43BC  playsync
            4418              4418  waitforsoundendplay
            4422              4422  nosoundfound
            4448              4448  notfoundsound
            4450              4450  sbplay
            44A4              44A4  wave_player
            4536              4536  PlayWAV
            4543              4543  Play_Repeat
            4568              4568  idtreboot
            456E              456E  coldboot
            4586              4586  warmboot
            45CA              45CA  rmodetest
            45CF              45CF  rmodeprnt
            45DB              45DB  rmodeprnt.done
            45DC              45DC  rmodestr
            4643              4643  bmpfound
            4693              4693  noguibmp
            469E              469E  warnguibmp
            46C5              46C5  filenotfound
            46D5              46D5  findfilenotfoundzero
            46ED              46ED  nofilenamenotfound
            46F8              46F8  filenf
            4703              4703  filenf2
            471A              471A  loadedbmpmsg
            4737              4737  shushmsg
            4775              4775  stop
            47D9              47D9  getcpuspeed
            47EE              47EE  cpuspeedloop
            47F1              47F1  cpuspeedloopend
            484F              484F  systeminfomsg
            4864              4864  diskbytemsg
            4878              4878  membytemsg
            48A2              48A2  soundblastermsg
            48BA              48BA  cpuspeedmsg
            48C0              48C0  memoryspacemsg
            48E4              48E4  timenscache
            48EF              48EF  timenscacheend
            48F2              48F2  istimeset
            48F3              48F3  settimemsg
            4911              4911  timeinputbuffer
            491D              491D  timeinputbend
            4968              4968  timeisset
            49B8              49B8  time
            4A74              4A74  findday
            4AF3              4AF3  converttohex
            4B02              4B02  converttohexlp
            4B0B              4B0B  noconverttohex
            4B0C              4B0C  tstackput1
            4B26              4B26  tstackget1
            4B3D              4B3D  tget1
            4B48              4B48  tput1
            4B63              4B63  tstack
            4B7B              4B7B  RTCtimeSecond
            4B7C              4B7C  RTCtimeMinute
            4B7D              4B7D  RTCtimeHour
            4B7E              4B7E  RTCtimeDay
            4B7F              4B7F  RTCtimeMonth
            4B80              4B80  RTCtimeYear
            4B81              4B81  dayhex
            4B82              4B82  monthhex
            4B83              4B83  yearhex
            4B84              4B84  timeshow
            4B8D              4B8D  dateshow
            4B99              4B99  oldcentury
            4B9C              4B9C  century
            4BA2              4BA2  month
            4BAE              4BAE  day
            4BCA              4BCA  sunday
            4BD2              4BD2  monday
            4BDA              4BDA  tuesday
            4BE3              4BE3  wednesday
            4BEE              4BEE  thursday
            4BF8              4BF8  friday
            4C00              4C00  saturday
            4C2F              4C2F  shutdown
            4C59              4C59  halt
            4C62              4C62  waitkey
            4C70              4C70  whilecmd
            4C8A              4C8A  whilefnd
            4C9F              4C9F  whilefnd2
            4CC2              4CC2  progend
            4CC2              4CC2  batchprogend
            4CC2              4CC2  PCSpeakerPWM
            4CD0              4CD0  TurnOffBeeper
            4CD5              4CD5  Sound_Done
            4CDB              4CDB  PCSpeakerRAW
            4CDC              4CDC  nosoundrep
            4D39              4D39  nosoundplay
            4D3E              4D3E  donesetpitch
            4D4D              4D4D  stopsound
            4D6F              4D6F  setpitch
            4D7D              4D7D  startsound
            4D84              4D84  killsound
            4D8B              4D8B  WAVEDIV
            4D8D              4D8D  Sound_On
            4DA2              4DA2  A99
            4DAA              4DAA  Done1
            4DAB              4DAB  Sound_Off
            4DB2              4DB2  sblaster
            4DB2              4DB2  sblaster.init
            4DCE              4DCE  sblaster.noinit
            4DCF              4DCF  sblastercont
            4E16              4E16  DMAPlay
            4E5A              4E5A  MemLocN1
            4E6A              4E6A  MemLocN2
            4E7A              4E7A  MemLocN3
            4E8A              4E8A  MemLocN4
            4EEA              4EEA  MstrVol
            4EF9              4EF9  ResetDSP
            4F04              4F04  WaitIt1
            4F0E              4F0E  WaitIt2
            4F27              4F27  ResetOK
            4F2A              4F2A  ResetErr
            4F2D              4F2D  WriteDSP
            4F33              4F33  WaitIt
            4F3C              4F3C  Length0
            4F3E              4F3E  Length1
            4F40              4F40  NextMemLoc
            4F44              4F44  MemLoc
            4F48              4F48  Page1
            4F49              4F49  Freq
            4F4D              4F4D  WAVEMode
            4F4E              4F4E  SoundBlaster
            4F4F              4F4F  rtl8139
            4F4F              4F4F  rtl8139.initcard
            4F6C              4F6C  rtl8139.initnic
            4F85              4F85  rtl8139.clearrbuff
            4F91              4F91  rtl8139.findmac
            4FA1              4FA1  rtl8139.macputloop
            4FB3              4FB3  rtl8139.resetnic
            4FD1              4FD1  rtl8139.resetnicwait
            5041              5041  rtl8139.sendpacket
            5043              5043  rtl8139.nic2
            5051              5051  rtl8139.sendcachedata
            5083              5083  rtl8139.checknicownbit
            509C              509C  rtl8139.checknictokbit
            50B6              50B6  showmac
            50C3              50C3  showmacloop
            50DC              50DC  showmacloop.goodal
            50ED              50ED  showmacloop.goodah
            5106              5106  macprint
            511A              511A  ethernetend
            511E              511E  nicconfig
            511F              511F  basenicaddr
            5123              5123  sysip
            5127              5127  sysmac
            512D              512D  mousedisabled
            512E              512E  cursorgui
            5148              5148  initmouse
            5156              5156  noswmsposinit
            516C              516C  nomouse
            516D              516D  moused
            51BE              51BE  showpixelcursor
            51EF              51EF  subxcoord
            51FA              51FA  subxcoorddn
            5212              5212  subycoord
            521B              521B  subycoorddn
            5225              5225  nooriginx2
            522F              522F  nooriginy2
            524B              524B  nofixxcolumn2
            5267              5267  nofixyrow2
            52BE              52BE  windowtermcopyend
            52C3              52C3  nopreviousbutton
            530C              530C  lastmouseposition
            5310              5310  mousecursorposition
            5314              5314  termmouse
            534A              534A  termmousecplp1
            535A              535A  nocopycursorcache
            5384              5384  termmousecplp2
            53A7              53A7  cursorcache
            53A9              53A9  PS2SET
            53B3              53B3  CHKPRT
            53B7              53B7  CHKPRT.again
            53BF              53BF  CHKPRT.go
            53C0              53C0  WMOUS
            53CA              53CA  MBUFFUL
            53CE              53CE  MBUFFUL.mn
            53D6              53D6  MBUFFUL.mnn
            53D7              53D7  ACTMOUS
            53EB              53EB  CHKMOUS
            53F1              53F1  CHKMOUS.vrd
            53FB              53FB  CHKMOUS.yy
            53FC              53FC  GETB
            53FC              53FC  GETB.cagain
            5421              5421  LBUTTON
            5422              5422  RBUTTON
            5423              5423  MBUTTON
            5424              5424  XCOORD
            5425              5425  YCOORD
            5426              5426  specialkey
            5427              5427  charregion
            5428              5428  waitforinput
            5446              5446  getkey
            5461              5461  calckey
            5474              5474  searchscan
            5491              5491  uppercase
            5492              5492  scanother
            54D9              54D9  nospecialkey
            5522              5522  getkeyspecial
            552E              552E  shift
            5537              5537  shifton
            553F              553F  shiftoff
            5547              5547  ctron
            554F              554F  ctroff
            5557              5557  alton
            555F              555F  altoff
            5567              5567  entdown
            5568              5568  scanfound
            5592              5592  altin
            55A7              55A7  uppercaseon
            55AF              55AF  keyboardstatus
            55B0              55B0  numlockstatus
            55B1              55B1  scrolllockstatus
            55B2              55B2  altkey
            55B3              55B3  ctrkey
            55B4              55B4  capslock
            55C5              55C5  numlock
            55DD              55DD  scrolllock
            55F5              55F5  updatekblights
            55FC              55FC  chkkbdack
            5608              5608  scancode
            5764              5764  noscan
            5764              5764  initialize
            577D              577D  initialize.pic
            57AA              57AA  initialize.pit
            57D1              57D1  initialize.fpu
            57E7              57E7  guiclear
            5801              5801  guiclearloop
            5824              5824  background
            5826              5826  gui
            5833              5833  guiloop
            5838              5838  guistart
            5848              5848  guisetup
            5863              5863  guiclearloop2
            595A              595A  copygui
            595B              595B  graphicsset
            595C              595C  graphicspos
            595E              595E  showcursorfonton
            595F              595F  savefonton
            5960              5960  mouseselecton
            5961              5961  clearmousecursor
            5990              5990  yclr
            599B              599B  noyclr
            59BB              59BB  switchmousepos
            59EA              59EA  swmsy
            59F5              59F5  noswmsy
            5A1B              5A1B  switchmousepos2
            5A4A              5A4A  swmsy2
            5A55              5A55  noswmsy2
            5A7C              5A7C  pbutton
            5A7D              5A7D  pLBUTTON
            5A7E              5A7E  pRBUTTON
            5A7F              5A7F  dragging
            5A83              5A83  lastpos
            5A8B              5A8B  colorbuf
            5A8F              5A8F  clickicon
            5ACE              5ACE  nodragclick
            5AEC              5AEC  dragclick
            5AFE              5AFE  clicon2
            5B28              5B28  iconselect
            5B67              5B67  nodragiconcheck
            5BB9              5BB9  dragicon
            5C36              5C36  chkyresdrgicn
            5C46              5C46  nodragicon
            5C6A              5C6A  unselecticon
            5C8A              5C8A  textselected
            5C98              5C98  lengthtesttext
            5CA4              5CA4  donetesttextlength
            5CD5              5CD5  nodragtextcheck
            5D20              5D20  dragtext
            5D96              5D96  chkyresdrgtxt
            5DA6              5DA6  nodragtext
            5DC6              5DC6  unselecttext
            5DEA              5DEA  windowselect
            5E29              5E29  nodragwincheck
            5E79              5E79  dragwin
            5EE5              5EE5  chkyresdrgwin
            5EF5              5EF5  nodragwin
            5F09              5F09  killwin
            5F29              5F29  nexticonsel
            5F42              5F42  doneiconsel
            5F63              5F63  doneiconsel2
            5F90              5F90  noreloadgraphicsclick
            5FBE              5FBE  lastdrag
            5FC2              5FC2  grpctblpos
            5FC6              5FC6  reloadallgraphics
            5FCB              5FCB  reloadgraphicsloop
            6009              6009  loadedgraphic
            601F              601F  windowgraphic
            602B              602B  icongraphic
            603B              603B  stringgraphic
            604B              604B  donereloadgraphics
            607F              607F  notcorrectdrag
            6080              6080  noticondragging
            6096              6096  grphbuf
            60A6              60A6  graphicsadd
            60AB              60AB  shwgrph1
            60C4              60C4  showgraphicsreplace2
            611A              611A  replaceicon
            619E              619E  replacestring
            6224              6224  replacewindow
            625E              625E  clearwindow
            62CE              62CE  showgraphicsreplace
            62F1              62F1  showgraphicsnew
            62F6              62F6  shwgrph2
            630B              630B  showgraphicsdone
            630C              630C  showstring
            631F              631F  showstring2
            6347              6347  noproceedshst
            634F              634F  doneshowstring
            6357              6357  colorfont2
            6359              6359  colorcache
            635A              635A  winvcopystx
            635C              635C  winvcopysty
            635E              635E  winvcopydx
            6360              6360  winvcopycx
            6362              6362  windowcolor
            6366              6366  windowbufloc
            636A              636A  windowinfobuf
            636E              636E  termcol
            6370              6370  wincopyendpos
            6374              6374  showwindow
            63CF              63CF  findendposwin
            641C              641C  showwindow2
            6488              6488  cleartitlebarpos
            649C              649C  nocleartitlebarpos
            64BD              64BD  titlebarput
            64FA              64FA  canceltitlebarput
            656E              656E  winvcpst
            6579              6579  windowvideocopy
            65DD              65DD  yrescopylp
            65F7              65F7  windowvideocopyset
            662F              662F  copywindow
            665A              665A  switchwincolors
            6671              6671  nowritewin
            669D              669D  nextcharwin
            66C5              66C5  nofixcolorwin
            66E9              66E9  skipcharcopy
            672C              672C  noskipcharcopy
            677B              677B  fixwindowcopy
            679C              679C  donewincopynow
            67A6              67A6  forgetresetstuff
            67AE              67AE  charposline
            67B0              67B0  charposvbuf
            67B4              67B4  iconcolor
            67B6              67B6  showicon
            67C9              67C9  showicon2
            67E7              67E7  screenxgood
            6803              6803  screenygood
            6810              6810  noscreenygoodchk
            6829              6829  writeicon
            682F              682F  writeiconline
            6852              6852  noiconline
            6882              6882  resolutionbytes
            6883              6883  posxvesa
            6885              6885  posyvesa
            6887              6887  colorfont
            6889              6889  savefontvesa
            6890              6890  showfontvesa
            6895              6895  nostopshowfont
            68C8              68C8  goodvesafontx
            6900              6900  vesaposloop
            690E              690E  vesaposloopdn
            6915              6915  findfontvesa
            6934              6934  foundfontvesa
            6963              6963  paintfontvesa
            6999              6999  noswitchcursorfonton
            69A9              69A9  nodelpaintedfont
            69B8              69B8  nopixelset
            69EC              69EC  donefontvesa
            6A1C              6A1C  charwidth
            6A1D              6A1D  nwlinevesa
            6A43              6A43  vesafontsaver
            6A47              6A47  vesafontsaver2
            6A53              6A53  donecolormatch
            6A82              6A82  colorfontmatch
            6A86              6A86  showbmp
            6ABA              6ABA  bmplocloop
            6AD8              6AD8  ldxbmp
            6B15              6B15  endedbmp
            6B1B              6B1B  bmpend
            6B1F              6B1F  showstringesi
            6B23              6B23  mouseon
            6B24              6B24  start
            6B2A              6B2A  gotomenu
            6B33              6B33  boomsg
            6B38              6B38  pacmsg
            6B51              6B51  pacnom
            6B60              6B60  winmsg
            6B6E              6B6E  xmsg
            6B70              6B70  icon
            6B72              6B72  codepointer
            6B76              6B76  iconselected
            6B77              6B77  boo
            6B8E              6B8E  pacmannomnom
            6BA5              6BA5  noie
            6BD6              6BD6  gotomenuboot
            6C20              6C20  winblows
            6C61              6C61  termwindow
            6C65              6C65  termmsg
            6C73              6C73  interneticon
            6CF5              6CF5  wordicon
            6D77              6D77  pacmanpellet
            6DF9              6DF9  ghostie
            6E7B              6E7B  pacman
            6EFD              6EFD  arpinit
            6F24              6F24  arptest
            6F32              6F32  arptest2
            6F73              6F73  frame
            6F73              6F73  destinationmac
            6F79              6F79  sourcemac
            6F7F              6F7F  ethertype
            6F81              6F81  arppacket
            6F83              6F83  arpprotocol
            6F87              6F87  arpoperation
            6F89              6F89  arpsenderinfo
            6F93              6F93  arptargetinfo
            6F9D              6F9D  padding
            6FB3              6FB3  framend
            6FB3              6FB3  arpconfig
            6FB4              6FB4  arptable
            7018              7018  arptableend
            7018              7018  pcibus
            7019              7019  pcidevice
            701A              701A  pcifunction
            701B              701B  pciregister
            701C              701C  pcireqtype
            701D              701D  getpciport
            7029              7029  pcidump
            703F              703F  searchpci
            7062              7062  searchpciret
            7062              7062  nextpcidevice
            7095              7095  pcitype
            7099              7099  checkpcidevice
            70D2              70D2  dumppcidevice
            70EC              70EC  dumppcidevicelp
            711B              711B  dumppcidn
            7137              7137  nextpcibus
            7153              7153  donesearchpci
            7156              7156  foundpciaddr
            715D              715D  findpciioaddr
            718A              718A  notpciioaddr
            71A0              71A0  getpciaddr
            71D5              71D5  diskrreal
            7202              7202  sdlength
            7203              7203  sdaddress
            7207              7207  readdiskreal
            7222              7222  ReadHardDisk
            7232              7232  dnumber
            7233              7233  diskaddresspacket
            7233              7233  dlen
            7235              7235  dreadlen
            7237              7237  daddress
            7239              7239  dsegm
            723B              723B  dlbaad
            7243              7243  backfromrealread
            7268              7268  copyfromrmodedisk
            7296              7296  loadfile
            72A6              72A6  nextnamechar
            72CF              72CF  getebxzero
            72D7              72D7  nextfilename
            72E7              72E7  nofileload
            72EC              72EC  nullfile
            72ED              72ED  equalfilenames2
            72F3              72F3  eqfilefind
            7307              7307  equalfilenames
            7323              7323  loaddiskfile
            7336              7336  copytracksforfile
            735B              735B  donecopyfile
            7361              7361  oldesireal
            7365              7365  filetracks
            7369              7369  lbad1
            736A              736A  lbad2
            736B              736B  lbad3
            736C              736C  lbad4
            736D              736D  lbad5
            736E              736E  lbad6
            736F              736F  segments
            7371              7371  espstart
            7375              7375  threadstarttest
            7380              7380  mainthread
            7383              7383  nwcmdst
            7395              7395  modelthread
            73A8              73A8  threadson
            73A9              73A9  lastthread
            73AD              73AD  thrdtst
            77AD              77AD  thrdtstend
            77AD              77AD  espold
            77B1              77B1  threadfork
            7838              7838  startthreads
            7872              7872  testthreads
            7887              7887  nxtthreadld
            78D0              78D0  nomorethreadspace
            78E6              78E6  nmts
            7909              7909  nomorestackspace
            7918              7918  nmss
            793B              793B  threadswitch
            7975              7975  nookespthread
            798E              798E  okespthread
            7997              7997  currentthread
            799B              799B  exitmsg
            79A0              79A0  bootfilename
            79A8              79A8  notfound1
            79B2              79B2  notfound2
            79C0              79C0  userask
            79CA              79CA  pwdask
            79D4              79D4  computer
            79D5              79D5  computername
            79DE              79DE  location
            79DF              79DF  locationname
            79E1              79E1  endprompt
            79E5              79E5  crlf
            79E6              79E6  line
            79E8              79E8  userlst
            7A0B              7A0B  userlstend
            7A0B              7A0B  fonts
            8A0B              8A0B  fontend
            8A0B              8A0B  mcursor
            8A1B              8A1B  VBEMODEBLOCK
            8A1B              8A1B  vbesignature
            8A1F              8A1F  vbeversion
            8A21              8A21  oemstringptr
            8A25              8A25  capabilities
            8A29              8A29  videomodeptr
            8A2D              8A2D  totalmemory
            8A2F              8A2F  oemsoftwarerev
            8A31              8A31  oemvendornameptr
            8A35              8A35  oemproductnameptr
            8A39              8A39  oemproductrevptr
            8A3D              8A3D  reserved
            8B1B              8B1B  oemdata
            8C1B              8C1B  VBEMODEINFOBLOCK
            8C1B              8C1B  modeattributes
            8C1D              8C1D  winaattributes
            8C1E              8C1E  winbattributes
            8C1F              8C1F  wingranularity
            8C21              8C21  winsize
            8C23              8C23  winasegment
            8C25              8C25  winbsegment
            8C27              8C27  winfuncptr
            8C2B              8C2B  bytesperscanline
            8C2D              8C2D  resolutionx
            8C2F              8C2F  resolutiony
            8C31              8C31  xcharsize
            8C32              8C32  ycharsize
            8C33              8C33  numberofplanes
            8C34              8C34  bitsperpixel
            8C35              8C35  numberofbanks
            8C36              8C36  memorymodel
            8C37              8C37  banksize
            8C38              8C38  numberofimagepages
            8C39              8C39  reserved1
            8C3A              8C3A  redmasksize
            8C3B              8C3B  redfieldposition
            8C3C              8C3C  greenmasksize
            8C3D              8C3D  greenfieldposition
            8C3E              8C3E  bluemasksize
            8C3F              8C3F  bluefieldposition
            8C40              8C40  rsvdmasksize
            8C41              8C41  rsvdfieldposition
            8C42              8C42  directcolormodeinfo
            8C43              8C43  physbaseptr
            8C47              8C47  offscreenmemoffset
            8C4B              8C4B  offscreenmemsize
            8C4D              8C4D  reserved2
            8D1B              8D1B  resolutionx2
            8D1D              8D1D  guion
            8D1E              8D1E  VBEEND
            8D1E              8D1E  osend
            8D1E              8D1E  diskfileindex
            8E93              8E93  enddiskfileindex
            8E93              8E93  bssstart
            8E93              8E93  initialstack
            AE93              AE93  stackend
            AE93              AE93  graphicstable
            B093              B093  graphicstableend
            B093              B093  mousecolorbuf
            B193              B193  mcolorend
            B193              B193  fileindex
            B593              B593  fileindexend
            B593              B593  uid
            B597              B597  ranboot
            B598              B598  IFON
            B599              B599  IFTRUE
            B5FD              B5FD  BATCHPOS
            B601              B601  BATCHISON
            B602              B602  LOOPON
            B603              B603  LOOPPOS
            B607              B607  variables
            C607              C607  varend
            C607              C607  buftxt2
            CA11              CA11  buftxt
            CE11              CE11  buftxtend
            CE11              CE11  buf2
            CE25              CE25  numbuf
            CE26              CE26  videobuf
           11E26             11E26  videobufend
           11F66             11F66  videobuf2
           16F66             16F66  videobuf2end
           170A6             170A6  lastcommandpos
           170AA             170AA  currentcommandpos
           170AE             170AE  commandbuf
           180AE             180AE  commandbufend
           180AE             180AE  rbuffstart
           1A0C2             1A0C2  threadlist
           1C0CA             1C0CA  threadlistend
           1C0CA             1C0CA  stacks
           1C4CA             1C4CA  stackdummy
           1C8CA             1C8CA  stack1
          11C8CA            11C8CA  bssend
            9000              9000  f0
           29C00             29C00  f1
           84400             84400  f2
           84600             84600  f3
           A9200             A9200  f4
           A9400             A9400  f5
           A9600             A9600  f6
           E4200             E4200  f7
           E4400             E4400  f8
           E4600             E4600  f9
           E4800             E4800  f10
          13A800            13A800  f11
          13AA00            13AA00  f12
          13AC00            13AC00  f13
          15FA00            15FA00  f14
          15FC00            15FC00  f15
          180800            180800  f16
          180E00            180E00  f17
          181200            181200  f18
          183E00            183E00  f19
          1DEC00            1DEC00  f20

