     1                                      ; SECTOR.ASM
     2                                      ; Load a program off the disk and jump to it
     3                                  
     4                                      ; Tell the compiler that this is offset 0.
     5                                      ; It isn't offset 0, but it will be after the jump.
     6                                  [BITS 16]
     7                                  	; Boot record is loaded at 0000:7C00
     8                                  ORG 7c00h
     9                                  
    10                                  ;;0x000: EB 58 90 6D 6B 64 6F 73 66 73 00 00 02 08 20 00 EXAMPLE
    11                                  ;;0x010: 02 00 00 00 00 F8 00 00 3E 00 B9 00 00 00 00 00
    12                                  ;;0x020: 26 DE B2 00 A2 2C 00 00 00 00 00 00 02 00 00 00
    13                                  ;;0x030: 01 00 06 00 00 00 00 00 00 00 00 00 00 00 00 00
    14                                  ;;0x040: 00 00 29 52 D1 D2 48 20 20 20 20 20 20 20 20 20
    15                                  ;;0x050: 20 20 46 41 54 33 32 20 20 20 0E 1F BE 77 7C AC
    16                                  ;;0x060: 22 C0 74 0B 56 B4 0E BB 07 00 CD 10 5E EB F0 32
    17                                  ;;0x070: E4 CD 16 CD 19 EB FE 54 68 69 73 20 69 73 20 6E
    18                                  ;;0x080: 6F 74 20 61 20 62 6F 6F 74 61 62 6C 65 20 64 69
    19                                  ;;0x090: 73 6B 2E 20 20 50 6C 65 61 73 65 20 69 6E 73 65
    20                                  ;;0x0A0: 72 74 20 61 20 62 6F 6F 74 61 62 6C 65 20 66 6C
    21                                  ;;0x0B0: 6F 70 70 79 20 61 6E 64 0D 0A 70 72 65 73 73 20
    22                                  ;;0x0C0: 61 6E 79 20 6B 65 79 20 74 6F 20 74 72 79 20 61
    23                                  ;;0x0D0: 67 61 69 6E 20 2E 2E 2E 20 0D 0A 00 00 00 00 00
    24                                  ;;0x0E0: 00 00 00 00 00 00 00 00 00 00 00 00 00 00 00 00
    25                                  
    26                                  ;;fuck trying to set up FAT for now
    27                                  ;FATDRIVETABLE:
    28                                  ;	;jmp short 0x3C		;;0x00-0x02, jump over table
    29                                  ;	db "SOLLEROS"		;;0x03-0x0A, os name
    30                                  ;	db 0x02,0x08		;;0x0B-0x0C, number of bytes per sector
    31                                  ;	db 0x20			;;0x0D, sectors per cluster
    32                                  ;	db 0,0x02		;;0x0F-0x20, reserved sectors
    33                                  ;	db 0x00			;;0x21, number of FAT tables
    34                                  ;	db 0,0xB9		;;0x22-0x23, number of directory entries
    35                                  ;	db 0,0			;;0x24-0x25, total sectors, if zero, > 0xFFFF
    36                                  ;	db 0			;;0x26, media descriptor
    37                                  ;	db 0x26,0xDE		;;0x27-0x28, sectors per FAT table
    38                                  ;	db 0xB2,0		;;0x29-0x2A, sectors per track
    39                                  ;	db 0xA2,0x2C		;;0x2B-0x2C, heads on storage media
    40                                  ;	db 0x0,0x0,0x0,0x0	;;0x2D-0x31, LBA
    41                                  ;FAT32EXTENDEDTABLE:
    42                                  ;	db 0xA2,0x2C,0,0	;;4 bytes, size of FAT table in bytes
    43                                  ;	db 0,0			;;2 bytes, flags
    44                                  
    45                                  
    46                                  
    47                                  
    48 00000000 E94300                  	jmp start
    49                                  
    50 00000003 00                      	DriveNumber db 0
    51 00000004 4C6F6164696E67204F-     	sectormsg2 db "Loading OS...",10,13,0
    52 0000000D 532E2E2E0A0D00     
    53 00000014 0D0A536F6C6C65724F-     	sectormsg3 db 13,10,"SollerOS loaded.",10,13,0
    54 0000001D 53206C6F616465642E-
    55 00000026 0A0D00             
    56 00000029 50726573732022414E-     	continuemsg db "Press ", 0x22, "ANY", 0x22, " key to continue.",0
    57 00000032 5922206B657920746F-
    58 0000003B 20636F6E74696E7565-
    59 00000044 2E00               
    60                                  	
    61                                      start:                ; Update the segment registers
    62 00000046 8816[0300]              	mov [DriveNumber], dl
    63 0000004A 31C0                    	xor ax,		ax		; XOR ax
    64 0000004C 8ED8                    	mov ds,		ax		; Mov AX into DS
    65 0000004E 8EC0                    	mov es, 	ax
    66 00000050 8ED0                    	mov ss,		ax
    67 00000052 8EE0                    	mov fs,		ax
    68 00000054 8EE8                    	mov gs,		ax
    69                                  
    70                                  ;Resetdrive:
    71                                  ;	mov ax,		0x00		; Select Floppy Reset BIOS Function
    72                                  ;        mov dl,		[DriveNumber]	; Select the floppy booted from
    73                                  ;        int 13h				; Reset the floppy drive
    74                                  ;        jc Resetdrive		; If there was a error, try again.
    75                                  
    76 00000056 BE[0400]                	mov si, sectormsg2
    77 00000059 E80300                  	call print2
    78 0000005C E91100                  	jmp ReadHardDisk
    79                                      print2:			; 'si' comes in with string address
    80 0000005F BB0700                  	    mov bx,7		; write to display
    81 00000062 B40E                    	    mov ah,0Eh		; screen function
    82 00000064 8A04                        prs2:    mov al,[si]         ; get next character
    83 00000066 3C00                    	    cmp al,0		; look for terminator 
    84 00000068 7405                                je finpr2		; zero byte at end of string
    85 0000006A CD10                    	    int 10h		; write character to screen.    
    86 0000006C 46                           	    inc si	     	; move to next character
    87 0000006D EBF5                    	    jmp prs2		; loop
    88 0000006F C3                          finpr2: ret
    89                                  ReadHardDisk:
    90 00000070 BE[B001]                	mov si, diskaddresspacket
    91 00000073 B80000                  	mov ax, 0
    92 00000076 B442                    	mov ah, 0x42
    93 00000078 8A16[0300]              	mov dl, [DriveNumber]
    94 0000007C CD13                    	int 0x13
    95 0000007E 72F0                    	jc ReadHardDisk
    96 00000080 668B0E[B801]            	mov ecx, [lbaad]
    97 00000085 E87100                  	call printnum
    98 00000088 A1[B601]                	mov ax, [segm]
    99 0000008B 8EE8                    	mov gs, ax
   100 0000008D BB0400                  	mov bx, 4
   101 00000090 65668B0F                	mov ecx, [gs:bx]
   102                                  dumpconts1:
   103 00000094 BE[C001]                	mov si, signature
   104 00000097 BB0000                  	mov bx, 0
   105                                  dumpconts1lp:
   106 0000009A 65668B0F                	mov ecx, [gs:bx]
   107 0000009E 663B0C                  	cmp ecx, [si]
   108 000000A1 7510                    	jne nodumpconts
   109 000000A3 81C30400                	add bx, 4
   110 000000A7 81C60400                	add si, 4
   111 000000AB 81FE[EC01]              	cmp si, signatureend
   112 000000AF 7311                    	jae dumpconts
   113 000000B1 EBE7                    	jmp dumpconts1lp
   114                                  nodumpconts:
   115 000000B3 BB0000                  	mov bx, 0
   116 000000B6 66A1[B801]              	mov eax, [lbaad]
   117 000000BA 6640                    	inc eax
   118 000000BC 66A3[B801]              	mov [lbaad], eax
   119 000000C0 EBAE                    	jmp ReadHardDisk
   120                                  dumpconts:
   121 000000C2 60                      	pusha
   122 000000C3 BE[1400]                	mov si, sectormsg3
   123 000000C6 E896FF                  	call print2
   124 000000C9 61                      	popa
   125 000000CA BB0000                  	mov bx, 0
   126                                  dumpconts2:
   127 000000CD 65668B0F                	mov ecx, [gs:bx]
   128 000000D1 53                      	push bx
   129 000000D2 E82400                  	call printnum
   130 000000D5 5B                      	pop bx
   131 000000D6 81C30400                	add bx, 4
   132 000000DA 81FBBC02                	cmp bx, 700
   133 000000DE 76ED                    	jbe dumpconts2
   134 000000E0 BE[2900]                	mov si, continuemsg
   135 000000E3 E879FF                  	call print2
   136 000000E6 B80000                  	mov ax, 0
   137 000000E9 CD16                    	int 0x16
   138 000000EB 8A0E[0300]              	mov cl, [DriveNumber]
   139 000000EF 668B16[B801]            	mov edx, [lbaad]
   140 000000F4 EA2C000010                  jmp 0x1000:(signatureend - signature)
   141                                  
   142                                  printnum:
   143 000000F9 BE[A401]                	mov si, number
   144 000000FC BF[AD01]                	mov di, numberend
   145 000000FF BB0000                  	mov bx, 0
   146 00000102 B80000                  	mov ax, 0
   147 00000105 E81300                  	call converthex
   148                                  chkzero:
   149 00000108 8A04                    	mov al, [si]
   150 0000010A 3C30                    	cmp al, '0'
   151 0000010C 7505                    	jne donechkzero
   152 0000010E 46                      	inc si
   153 0000010F 39FE                    	cmp si, di
   154 00000111 7200                    	jb donechkzero
   155                                  donechkzero:
   156 00000113 E849FF                  	call print2
   157 00000116 C3                      	ret
   158                                  	
   159 00000117 0000                    sibuf db 0,0
   160 00000119 0000                    dibuf db 0,0
   161                                  
   162                                  converthex: 
   163                                  clearbuffer:
   164 0000011B B030                    	mov al, '0'
   165 0000011D 8936[1701]              	mov [sibuf], si
   166 00000121 893E[1901]              	mov [dibuf], di
   167 00000125 39FE                    clearbuf: cmp si, di
   168 00000127 7305                    	jae doneclearbuff
   169 00000129 8804                    	mov [si], al
   170 0000012B 46                      	inc si
   171 0000012C EBF7                    	jmp clearbuf
   172                                  doneclearbuff:
   173 0000012E 8B36[1901]              	mov si, [dibuf]
   174 00000132 6689CA                  	mov edx, ecx
   175                                  nxtexphx:			;0x10^x
   176 00000135 4E                      	dec si
   177 00000136 89F7                    	mov di, si		;;location of 0x10^x
   178 00000138 6689D1                  	mov ecx, edx
   179 0000013B 6681E10F000000          	and ecx, 0xF		;;just this digit
   180 00000142 E81A00                  	call cnvrtexphx		;;get this digit
   181 00000145 89FE                    	mov si, di
   182 00000147 66C1EA04                	shr edx, 4		;;next digit
   183 0000014B 6681FA00000000          	cmp edx, 0
   184 00000152 7402                    	je donenxtephx
   185 00000154 EBDF                    	jmp nxtexphx 
   186                                  donenxtephx:
   187 00000156 8B36[1701]              	mov si, [sibuf]
   188 0000015A 8B3E[1901]              	mov di, [dibuf]
   189 0000015E C3                      	ret
   190                                  cnvrtexphx:			;;convert this number
   191 0000015F 89F3                    	mov bx, si		;place to convert to must be in si, number to convert must be in cx
   192 00000161 6681F900000000          	cmp ecx, 0
   193 00000168 742B                    	je zerohx
   194 0000016A 8A04                    cnvrthx:  mov al, [si]
   195 0000016C 3C39                    	cmp al, '9'
   196 0000016E 741D                    	je lettershx
   197 00000170 3C46                    lttrhxdn: cmp al, 'F'
   198 00000172 7421                    	je zerohx
   199 00000174 8A04                    	mov al, [si]
   200 00000176 FEC0                    	inc al
   201 00000178 8804                    	mov [si], al
   202 0000017A 89DE                    	mov si, bx
   203 0000017C 6681E901000000          cnvrtlphx: sub ecx, 1
   204 00000183 6681F900000000          	cmp ecx, 0
   205 0000018A 75DE                    	jne cnvrthx
   206 0000018C C3                      	ret
   207                                  lettershx:
   208 0000018D B041                    	mov al, 'A'
   209 0000018F 2C01                    	sub al, 1
   210 00000191 8804                    	mov [si], al
   211 00000193 EBDB                    	jmp lttrhxdn
   212 00000195 B030                    zerohx:	mov al, '0'
   213 00000197 8804                    	mov [si], al
   214 00000199 4E                      	dec si
   215 0000019A 8A04                    	mov al, [si]
   216 0000019C 3C46                    	cmp al, 'F'
   217 0000019E 74F5                    	je zerohx
   218 000001A0 6641                    	inc ecx
   219 000001A2 EBD8                    	jmp cnvrtlphx
   220                                  
   221 000001A4 00<rept>                number times 9 db 0
   222                                  numberend:
   223 000001AD 202000                  db '  ',0
   224                                  
   225                                  diskaddresspacket:
   226 000001B0 10                      len:	db 0x10 ;;size of packet
   227 000001B1 00                      	db 0
   228 000001B2 7F00                    readlen:	dw 0x7F	;;blocks to read
   229 000001B4 0000                    address:	dw 0x0	;;address 0
   230 000001B6 0010                    segm:	dw 0x1000	;;segment
   231                                  ;;start with known value for hd
   232                                  lbaad:	
   233                                  	;dd 0xF2252E5	;;use only for hd on laptop
   234 000001B8 00000000                	dd 0	;;lba address
   235 000001BC 00000000                	dd 0
   236                                  
   237                                  %include 'source/signature.asm'
   238                              <1> signature:	;used by bootloader to find SollerOS, is totally awesome
   239 000001C0 EDA55ED1            <1> dd 0xD15EA5ED	;diseased
   240 000001C4 15D000B1            <1> dd 0xB100D015	;blood is
   241 000001C8 EDFED2BA            <1> dd 0xBAD2FEED	;bad to feed
   242 000001CC 95D0112A            <1> dd 0x2A11D095	;to all dogs
   243 000001D0 52A71CA1            <1> dd 0xA11CA752	;all cats too.
   244 000001D4 0F751015            <1> dd 0x1510750F   ;is lots of
   245 000001D8 75CAADDE            <1> dd 0xDEADCA75   ;dead cats
   246 000001DC 95D0ADDE            <1> dd 0xDEADD095   ;dead dogs
   247 000001E0 18000000            <1> dd 24			;version
   248 000001E4 534F4C4C45524F53    <1> db "SOLLEROS"
   249                              <1> signatureend:
   250 000001EC 00<rept>                    	times 510-($-$$) db 0
   251 000001FE 55AA                        dw 0AA55h	;;magic byte
